  Determining projects to restore...
  All projects are up-to-date for restore.
C:\Users\cosov\.nuget\packages\microsoft.windowsappsdk.winui\1.8.260224000\buildTransitive\Microsoft.UI.Xaml.Markup.Compiler.interop.targets(594,9): error MSB3073: The command ""C:\Users\cosov\.nuget\packages\microsoft.windowsappsdk.winui\1.8.260224000\buildTransitive\..\tools\net6.0\..\net472\XamlCompiler.exe" "obj\ARM64\Debug\net8.0-windows10.0.19041.0\win-arm64\\input.json" "obj\ARM64\Debug\net8.0-windows10.0.19041.0\win-arm64\\output.json"" exited with code 1. [E:\Fac\ISS\ubb-se-2026-meio-ai\ubb-se-2026-meio-ai.csproj]

Build FAILED.

C:\Users\cosov\.nuget\packages\microsoft.windowsappsdk.winui\1.8.260224000\buildTransitive\Microsoft.UI.Xaml.Markup.Compiler.interop.targets(594,9): error MSB3073: The command ""C:\Users\cosov\.nuget\packages\microsoft.windowsappsdk.winui\1.8.260224000\buildTransitive\..\tools\net6.0\..\net472\XamlCompiler.exe" "obj\ARM64\Debug\net8.0-windows10.0.19041.0\win-arm64\\input.json" "obj\ARM64\Debug\net8.0-windows10.0.19041.0\win-arm64\\output.json"" exited with code 1. [E:\Fac\ISS\ubb-se-2026-meio-ai\ubb-se-2026-meio-ai.csproj]
    0 Warning(s)
    1 Error(s)

Time Elapsed 00:00:04.40
